Testing IAM signBlob permission by attempting to create a custom token...
Using service account key file: serviceAccountKey.json
Firebase Admin SDK initialized successfully with Storage and Project ID.
python : Traceback 
(most recent call 
last):
At line:1 char:1
+ python 
test_iam_permission.py 
> test_output.txt 2>&1 
; cat test_outpu ...
+ ~~~~~~~~~~~~~~~~~~~~~
~~~~~~~~~~~~~~~~~~~~~~~
~~~~~~~~
    + CategoryInfo     
         : 
NotSpecified    : 
(Traceback (most     
recent call last)::    
String) [], RemoteE    
xception
    + 
FullyQualifiedErr    
orId : NativeComman    
dError
 
  File "C:\Users\Kartik
\Desktop\MedAxis AI\bac
kend\test_iam_permissio
n.py", line 14, in 
test_sign_blob
    print("\u2705 
SUCCESS: Custom token 
generated 
successfully. IAM 
permission is active.")
    ~~~~~^^^^^^^^^^^^^^
^^^^^^^^^^^^^^^^^^^^^^^
^^^^^^^^^^^^^^^^^^^^^^^
^^^^^^^^^^^^^^^^^^
  File "C:\Python314\Li
b\encodings\cp1252.py",
 line 19, in encode
    return codecs.charm
ap_encode(input,self.er
rors,encoding_table)[0]
           ~~~~~~~~~~~~
~~~~~~~~~^^^^^^^^^^^^^^
^^^^^^^^^^^^^^^^^^^^
UnicodeEncodeError: 
'charmap' codec can't 
encode character 
'\u2705' in position 
0: character maps to 
<undefined>

During handling of the 
above exception, 
another exception 
occurred:

Traceback (most recent 
call last):
  File "C:\Users\Kartik
\Desktop\MedAxis AI\bac
kend\test_iam_permissio
n.py", line 22, in 
<module>
    test_sign_blob()
    ~~~~~~~~~~~~~~^^
  File "C:\Users\Kartik
\Desktop\MedAxis AI\bac
kend\test_iam_permissio
n.py", line 17, in 
test_sign_blob
    print(f"\u274c 
FAILED: Still getting 
permission error.")
    ~~~~~^^^^^^^^^^^^^^
^^^^^^^^^^^^^^^^^^^^^^^
^^^^^^^^^^
  File "C:\Python314\Li
b\encodings\cp1252.py",
 line 19, in encode
    return codecs.charm
ap_encode(input,self.er
rors,encoding_table)[0]
           ~~~~~~~~~~~~
~~~~~~~~~^^^^^^^^^^^^^^
^^^^^^^^^^^^^^^^^^^^
UnicodeEncodeError: 
'charmap' codec can't 
encode character 
'\u274c' in position 
0: character maps to 
<undefined>
